miranda benchmark msc, size 1024, 1 threads
[32;1m[Common] [0m[32;1m                           [0m[32;1m▒[0m[32;1m▒▒▒▒▒▒▒▒▒▒▒▒▒░[0m
[32;1m[Common] [0m[32;1m                    ▒▒▒▒▒▒▒▒▒▒▒▒▒▒▒▒▒▒▒▒▒▒▒▒▒▒▒▒░[0m
[32;1m[Common] [0m[32;1m                [0m[32;1m▒[0m[32;1m▒▒▒▒▒▒▒▒▒▒▒▒▒▒▒▒▒▒▒▒▒▒▒▒▒▒▒▒▒▒▒▒▒▒▒▒[0m
[32;1m[Common] [0m[32;1m             ▒▒▒▒▒▒▒▒▒▒▒▒▒▒▒▒▒▒▒▒▒▒▒▒░░[0m[2;1m░[0m[2;1m▒░░░▒▒░[0m[32;1m░[0m[32;1m░[0m[32;1m▒▒▒▒▒▒▒[0m
[32;1m[Common] [0m[32;1m          ▒▒▒▒▒▒▒▒▒▒▒▒▒▒▒▒▒▒▒▒▒░[0m[2;1m░[0m[30;1m░[0m[30;1m░░░[0m[2;1m░   [0m[34;1m░[0m[34;1m░░░░░░[0m[30;1m░[0m[30;1m░░░▒[0m[2;1m▒[0m[32;1m▒[0m[32;1m▒▒▒▒[0m
[32;1m[Common] [0m[32;1m        ▒▒▒▒▒▒▒▒▒▒▒▒▒▒▒▒▒▒▒▒░[0m[30;1m░[0m[30;1m░                    [0m[34;1m░[0m[34;1m░░[0m[30;1m░[0m[30;1m░░[0m[32;1m░[0m[32;1m▒▒▒[0m
[32;1m[Common] [0m[32;1m      ▒▒▒▒▒▒▒▒▒▒▒▒▒▒▒▒▒▒▒░[0m[2;1m░[0m[30;1m░    [0m[30;1m▒▒▒▒▒▒▒▒▒▒▒▒          [0m[34;1m░[0m[34;1m▒▒ [0m[30;1m░[0m[2;1m░[0m[32;1m▒[0m[32;1m▒▒[0m
[32;1m[Common] [0m[32;1m     ▒▒▒▒▒▒▒▒▒▒▒▒▒▒▒▒▒▒▒[0m[30;1m░[0m[30;1m░   ▒▒▒▒▒▒▒▒▒▒▒▒▒▒▒▒▒░▒▒       [0m[34;1m░[0m[34;1m░▒ [0m[30;1m░[0m[30;1m░[0m[32;1m▒[0m[32;1m▒[0m
[32;1m[Common] [0m[32;1m    ▒▒▒▒▒▒▒▒▒▒▒▒▒▒▒▒▒▒▒[0m[30;1m░[0m[30;1m░  [0m[2;1m▒[0m[2;1m▒▒▒▒▒▒▒▒▒▒▒▒▒▒▒▒[0m[30;1m▒[0m[30;1m▒▒▒▒░▒▒    [0m[34;1m░[0m[34;1m░░░▒ [0m[30;1m░[0m[2;1m░[0m[32;1m▒[0m[32;1m▒[0m
[32;1m[Common] [0m[32;1m   ▒▒▒▒▒▒▒▒▒▒▒▒▒▒▒▒▒▒▒[0m[30;1m░[0m[30;1m░ ▒[0m[2;1m▒[0m[2;1m▒▒▒▒▒[0m[2;1m▒[0m[2;1m▒▒▒[0m[37;1m▒[0m[37;1m▄[0m[37;1m▓█[0m[37;1m█▓████[0m[37;1m█▓▄[0m[2;1m▄[0m[2;1m░[0m[30;1m░[0m[30;1m░▒   [0m[34;1m░[0m[34;1m░░░░░[0m[30;1m░[0m[30;1m░[0m[32;1m░[0m[32;1m▒[0m
[32;1m[Common] [0m[32;1m  ▒▒▒▒▒▒▒▒▒▒▒▒▒▒▒▒▒▒▒░[0m[30;1m░  [0m[2;1m▒[0m[2;1m▒▒▒[0m[2;1m▒[0m[2;1m▒▒▒▒▓[0m[37;1m▓[0m[37;1m▓▀[0m[2;1m▀[0m[2;1m▀▀[0m[37;1m▀[0m[37;1m▀[0m[37;1m▀████▓▓▓▓[0m[2;1m▄[0m[30;1m░[0m[30;1m░   [0m[34;1m░[0m[34;1m░░░░▒ [0m[30;1m░[0m[2;1m░[0m[32;1m▒[0m
[32;1m[Common] [0m[32;1m ▒▒▒▒▒▒▒▒▒▒▒▒▒▒▒▒▒▒▒[0m[32;1m▒[0m[32;1m░[0m[30;1m░ [0m[30;1m▒[0m[2;1m▒[0m[2;1m▒▒[0m[2;1m▒[0m[2;1m▒▒▒▒           [0m[30;1m░[0m[30;1m░[0m[2;1m░[0m[37;1m▀[0m[37;1m██▓▓▓▓[0m[2;1m▓[0m[30;1m░[0m[2;1m░    [0m[34;1m░[0m[34;1m░░▒ [0m[30;1m░[0m[2;1m░[0m[32;1m▒[0m
[32;1m[Common] [0m[32;1m ▒▒▒▒▒▒▒▒▒▒▒▒▒▒▒▒▒▒[0m[32;1m▒[0m[32;1m▒[0m[32;1m░[0m[30;1m░ [0m[30;1m▒[0m[2;1m▒[0m[2;1m▒▒▒▒                  [0m[30;1m░[0m[2;1m▀[0m[37;1m█[0m[37;1m█▓▓▓[0m[37;1m▓[0m[2;1m░    [0m[34;1m░[0m[34;1m░░░▒ [0m[30;1m░[0m[32;1m░[0m[32;1m░[0m
[32;1m[Common] [0m[32;1m ▒▒▒▒▒▒▒▒▒▒▒▒▒▒▒▒▒[0m[32;1m▒[0m[32;1m▒[0m[32;1m░[0m[32;1m▒[0m[30;1m░[0m[30;1m░ [0m[2;1m▒[0m[2;1m▒▒                     [0m[30;1m░[0m[30;1m░[0m[37;1m▀[0m[37;1m▓[0m[37;1m▓▓[0m[37;1m▓▒[0m[2;1m░    [0m[34;1m░[0m[34;1m░░▒░[0m[30;1m░[0m[30;1m░[0m[32;1m▒[0m
[32;1m[Common] [0m[32;1m ▒▒▒▒▒▒▒▒▒▒▒▒▒▒▒▒▒▒▒▒░░[0m[30;1m░ [0m[30;1m▒▒                        ░[0m[2;1m▐[0m[37;1m▓[0m[37;1m▓[0m[37;1m▓▒[0m[37;1m▒    [0m[34;1m░[0m[34;1m░░░▒ [0m[30;1m░[0m[32;1m░[0m
[32;1m[Common] [0m[32;1m ░▒▒▒▒▒▒▒▒▒▒▒▒▒▒▒▒▒▒▒▒▒░[0m[30;1m░                         [0m[32;1m░[0m[30;1m░[0m[30;1m░[0m[37;1m▐[0m[37;1m▓[0m[37;1m▓[0m[37;1m▒[0m[2;1m▒[0m[2;1m▒ [0m[34;1m░[0m[34;1m░░░░▒▒ [0m[30;1m░[0m[2;1m░[0m[32;1m▒[0m
[32;1m[Common] [0m[30;1m░[0m[32;1m▒[0m[32;1m▒▒▒▒▒▒▒▒▒▒▒▒▒▒▒▒▒▒▒▒▒▒░[0m[30;1m░                        ░░[0m[30;1m░[0m[2;1m▐[0m[37;1m▓[0m[37;1m▒[0m[37;1m▒[0m[2;1m▒[0m[30;1m░[0m[34;1m░[0m[34;1m░░░░░▒▒ [0m[30;1m░[0m[30;1m░[0m[32;1m▒[0m
[32;1m[Common] [0m[30;1m░[0m[32;1m░[0m[32;1m░▒▒▒▒▒▒▒▒▒▒▒▒▒▒▒▒▒▒▒▒▒▒▒░[0m[30;1m░                   ░░░░░[0m[30;1m░[0m[2;1m▐[0m[37;1m▓[0m[37;1m▒[0m[2;1m▒[0m[2;1m▒[0m[34;1m░[0m[34;1m░░░░░░▒▒ [0m[30;1m░[0m[30;1m░[0m
[32;1m[Common] [0m[32;1m  ░[0m[32;1m▒[0m[32;1m▒▒▒▒▒▒▒▒▒▒▒▒▒▒▒▒▒▒▒▒▒▒▒▒▒░░░░           ░░░░░░▒[0m[30;1m▒[0m[30;1m░[0m[37;1m▓[0m[37;1m▒[0m[2;1m▒[0m[2;1m▒[0m[30;1m░[0m[34;1m░[0m[34;1m░░░░░▒▒▒░[0m[30;1m░[0m[32;1m░[0m
[32;1m[Common] [0m[32;1m   [0m[30;1m░[0m[32;1m▒[0m[32;1m▒▒▒▒▒▒▒▒▒▒▒▒▒▒▒▒▒▒▒▒▒▒▒▒▒▒▒▒▒▒▒░░░░░░░░░░░░░░░[0m[30;1m░ [0m[37;1m▓[0m[2;1m▒[0m[2;1m▒[0m[30;1m░[0m[34;1m░[0m[34;1m░░░░▒▒▒▒▒[0m[30;1m░[0m[30;1m░[0m[32;1m░[0m
[32;1m[Common] [0m[32;1m    [0m[30;1m░[0m[32;1m░[0m[32;1m▒▒▒▒▒▒▒▒▒▒▒▒[0m[32;1m▒[0m[32;1m▒▒[0m[32;1m▒[0m[32;1m▒▒▒▒▒▒▒▒▒▒▒▒▒▒▒▒▒░░░░░░░░░▒░[0m[30;1m░[0m[30;1m░[0m[37;1m▓[0m[2;1m▒[0m[2;1m▒[0m[30;1m░[0m[34;1m▒[0m[34;1m░░▒▒▒▒▒▒▒░[0m[30;1m░[0m[30;1m░[0m
[32;1m[Common] [0m[32;1m     ░░[0m[32;1m▒[0m[32;1m▒▒▒▒▒▒▒▒▒[0m[32;1m▒[0m[32;1m▒▓▓▓▒▒[0m[32;1m▒[0m[32;1m▒▒▒▒▒▒▒▒▒▒▒▒▒▒▒▒▒▒▒▒▒▒▒░[0m[30;1m░ [0m[2;1m▓[0m[2;1m▒[0m[30;1m░ [0m[34;1m▒[0m[34;1m▒▒▒▒▒▒▒▒▒▒[0m[30;1m░[0m[30;1m░[0m[32;1m▒[0m
[32;1m[Common] [0m[32;1m      [0m[34;1m▒[0m[30;1m░[0m[2;1m░[0m[32;1m░[0m[32;1m▒▒▒▒▒▒▒▒[0m[32;1m▒[0m[32;1m▒[0m[37;1m▓[0m[37;1m▓▓[0m[32;1m▓[0m[32;1m▒[0m[32;1m▒[0m[32;1m▒▒▒▒▒▒▒▒▒▒▒▒▒▒▒▒▒▒▒▒░[0m[30;1m░[0m[30;1m░ [0m[37;1m▒[0m[2;1m▒  [0m[34;1m▒[0m[34;1m▒▒▒▒▒▒▒▒▒▒[0m[30;1m░[0m[30;1m░[0m[32;1m░[0m
[32;1m[Common] [0m[32;1m      [0m[34;1m░[0m[34;1m░░[0m[30;1m░[0m[30;1m░[0m[32;1m▒[0m[32;1m▒▒▒▒▒▒▒[0m[32;1m▒[0m[32;1m▒▒▒▒▒▒[0m[32;1m▒[0m[32;1m▒▒▒▒▒▒▒▒▒▒▒▒▒▒▒▒▒░[0m[30;1m░[0m[30;1m░ [0m[2;1m▒[0m[2;1m▒   [0m[34;1m▒[0m[34;1m▒▒▒▒▒▒▒▒▒▒[0m[30;1m░[0m[30;1m░[0m[32;1m░[0m
[32;1m[Common] [0m[32;1m       [0m[34;1m░[0m[34;1m░░░░[0m[30;1m░[0m[2;1m░[0m[32;1m░[0m[32;1m▒▒▒▒▒▒▒▒[0m[32;1m▒[0m[32;1m▒[0m[32;1m▒[0m[32;1m▒▒▒▒▒▒▒▒▒▒▒▒▒▒▒░[0m[30;1m░[0m[30;1m░░[0m[2;1m░[0m[2;1m▒     [0m[34;1m▒[0m[34;1m▒▒▒▒▒▒▒▒▒▒[0m[30;1m░[0m[30;1m░[0m[32;1m░[0m
[32;1m[Common] [0m[32;1m         [0m[34;1m▒[0m[34;1m░░░░░[0m[30;1m░[0m[30;1m░[0m[2;1m░[0m[32;1m░[0m[32;1m░▒▒▒▒▒▒▒▒▒▒▒▒▒▒▒▒░[0m[2;1m░[0m[30;1m░[0m[30;1m░░ [0m[2;1m░       [0m[34;1m░[0m[34;1m▒▒▒▒▒▒▒▒▒▒░[0m[30;1m░[0m[30;1m░[0m
[32;1m[Common] [0m[32;1m          [0m[34;1m░[0m[34;1m░░░░░░░░░[0m[30;1m░[0m[30;1m░░░░░░░░░░░░░░░░            [0m[34;1m▒[0m[34;1m▒▒▒▒▒▒▒▒▒░[0m[30;1m░[0m[30;1m░[0m
[32;1m[Common] [0m[32;1m            [0m[34;1m░[0m[34;1m▒░░░░░░░░░░                       ▒▒▒▒▒▒▒[0m[36;1m▒[0m[36;1m▒[0m[34;1m▒[0m[34;1m░[0m[30;1m░[0m[30;1m░[0m
[32;1m[Common] [0m[32;1m              [0m[34;1m░[0m[34;1m▒░░░░░░░░░░░░░░░░░░░░░░░░░░░░ ░▒[0m[36;1m▒[0m[36;1m▒▒▒▒▒▒[0m[34;1m░[0m[30;1m░[0m[30;1m░[0m[30;1m░[0m
[32;1m[Common] [0m[32;1m                 [0m[34;1m░[0m[34;1m░▒░░░░░░░░░░░░░░░░░░░░░░░▒[0m[36;1m▒[0m[36;1m▒▒▒▒▒[0m[34;1m▒[0m[34;1m░[0m[30;1m░[0m[30;1m░[0m[30;1m░[0m
[32;1m[Common] [0m[32;1m                      [0m[34;1m░[0m[34;1m░▒░░░░░░░░░░░░░░░▒[0m[36;1m▒[0m[36;1m▒▒[0m[34;1m▒[0m[34;1m▒░░[0m[30;1m░[0m[30;1m░░[0m
[32;1m[Common] [0m[32;1m                              [0m[34;1m░[0m[34;1m░░░░░░░░░░[0m[30;1m░[0m[30;1m░▒░[0m
[32;1m[Common] [0m[0;1m _____ _____ _  __                    __  __    ____   ___ ____  ____[0m
[32;1m[Common] [0m[0;1m|_   _|_   _| |/ /                   / /__\ \  |___ \ / _ \___ \|___ \[0m
[32;1m[Common] [0m[0;1m  | |   | | | ' /                   | |/ __| |   __) | | | |__) | __) |[0m
[32;1m[Common] [0m[0;1m  | |   | | | . \                   | | (__| |  / __/| |_| / __/ / __/[0m
[32;1m[Common] [0m[0;1m  |_|   |_| |_|\_\                  | |\___| | |_____|\___/_____|_____|[0m
[32;1m[Common] [0m[0;1m                                     \_\  /_/[0m
[32;1m[Common] [0m[0;1mWelcome![0m
[32;1m[Common] [0m[33;1m[WARNING][0m 
[32;1m[Common] [0m[33;1m[WARNING][0m [33;1mTTK has *NOT* been built in double-templating mode!
[32;1m[Common] [0m[33;1m[WARNING][0m [33;1mDEVELOPERS ONLY!
[32;1m[Common] [0m[33;1m[WARNING][0m [33;1mExpect unsupported types for bivariate data.
[32;1m[Common] [0m[33;1m[WARNING][0m 
[32;1m[Common] [0m[33;1m[WARNING][0m [33;1mTo enable the double-templating mode, rebuild TTK with:
[32;1m[Common] [0m[33;1m[WARNING][0m [33;1m  -DTTK_ENABLE_DOUBLE_TEMPLATING=ON
[32;1m[Common] [0m[33;1m[WARNING][0m 
[32;1m[MorseSmaleComplex] [0m%%%%%%%%%%%%%%%%%%%%%%%%%%%%%%%%%%%%%%%%%%%%%%%%%%%%%%%%%%%%[34;1m[0m
[32;1m[MorseSmaleComplex] [0mInitializing order array. ...................[34;1m [0.000s|1T|0%][0m[32;1m[MorseSmaleComplex] [0mInitializing order array. ...............[34;1m [892.328s|1T|100%][0m
[32;1m[MorseSmaleComplex] [0mLaunching computation on field `ImageFile'...
