miranda benchmark msspl, size 128, 8 threads
[32;1m[Common] [0m[32;1m                           [0m[32;1m▒[0m[32;1m▒▒▒▒▒▒▒▒▒▒▒▒▒░[0m
[32;1m[Common] [0m[32;1m                    ▒▒▒▒▒▒▒▒▒▒▒▒▒▒▒▒▒▒▒▒▒▒▒▒▒▒▒▒░[0m
[32;1m[Common] [0m[32;1m                [0m[32;1m▒[0m[32;1m▒▒▒▒▒▒▒▒▒▒▒▒▒▒▒▒▒▒▒▒▒▒▒▒▒▒▒▒▒▒▒▒▒▒▒▒[0m
[32;1m[Common] [0m[32;1m             ▒▒▒▒▒▒▒▒▒▒▒▒▒▒▒▒▒▒▒▒▒▒▒▒░░[0m[2;1m░[0m[2;1m▒░░░▒▒░[0m[32;1m░[0m[32;1m░[0m[32;1m▒▒▒▒▒▒▒[0m
[32;1m[Common] [0m[32;1m          ▒▒▒▒▒▒▒▒▒▒▒▒▒▒▒▒▒▒▒▒▒░[0m[2;1m░[0m[30;1m░[0m[30;1m░░░[0m[2;1m░   [0m[34;1m░[0m[34;1m░░░░░░[0m[30;1m░[0m[30;1m░░░▒[0m[2;1m▒[0m[32;1m▒[0m[32;1m▒▒▒▒[0m
[32;1m[Common] [0m[32;1m        ▒▒▒▒▒▒▒▒▒▒▒▒▒▒▒▒▒▒▒▒░[0m[30;1m░[0m[30;1m░                    [0m[34;1m░[0m[34;1m░░[0m[30;1m░[0m[30;1m░░[0m[32;1m░[0m[32;1m▒▒▒[0m
[32;1m[Common] [0m[32;1m      ▒▒▒▒▒▒▒▒▒▒▒▒▒▒▒▒▒▒▒░[0m[2;1m░[0m[30;1m░    [0m[30;1m▒▒▒▒▒▒▒▒▒▒▒▒          [0m[34;1m░[0m[34;1m▒▒ [0m[30;1m░[0m[2;1m░[0m[32;1m▒[0m[32;1m▒▒[0m
[32;1m[Common] [0m[32;1m     ▒▒▒▒▒▒▒▒▒▒▒▒▒▒▒▒▒▒▒[0m[30;1m░[0m[30;1m░   ▒▒▒▒▒▒▒▒▒▒▒▒▒▒▒▒▒░▒▒       [0m[34;1m░[0m[34;1m░▒ [0m[30;1m░[0m[30;1m░[0m[32;1m▒[0m[32;1m▒[0m
[32;1m[Common] [0m[32;1m    ▒▒▒▒▒▒▒▒▒▒▒▒▒▒▒▒▒▒▒[0m[30;1m░[0m[30;1m░  [0m[2;1m▒[0m[2;1m▒▒▒▒▒▒▒▒▒▒▒▒▒▒▒▒[0m[30;1m▒[0m[30;1m▒▒▒▒░▒▒    [0m[34;1m░[0m[34;1m░░░▒ [0m[30;1m░[0m[2;1m░[0m[32;1m▒[0m[32;1m▒[0m
[32;1m[Common] [0m[32;1m   ▒▒▒▒▒▒▒▒▒▒▒▒▒▒▒▒▒▒▒[0m[30;1m░[0m[30;1m░ ▒[0m[2;1m▒[0m[2;1m▒▒▒▒▒[0m[2;1m▒[0m[2;1m▒▒▒[0m[37;1m▒[0m[37;1m▄[0m[37;1m▓█[0m[37;1m█▓████[0m[37;1m█▓▄[0m[2;1m▄[0m[2;1m░[0m[30;1m░[0m[30;1m░▒   [0m[34;1m░[0m[34;1m░░░░░[0m[30;1m░[0m[30;1m░[0m[32;1m░[0m[32;1m▒[0m
[32;1m[Common] [0m[32;1m  ▒▒▒▒▒▒▒▒▒▒▒▒▒▒▒▒▒▒▒░[0m[30;1m░  [0m[2;1m▒[0m[2;1m▒▒▒[0m[2;1m▒[0m[2;1m▒▒▒▒▓[0m[37;1m▓[0m[37;1m▓▀[0m[2;1m▀[0m[2;1m▀▀[0m[37;1m▀[0m[37;1m▀[0m[37;1m▀████▓▓▓▓[0m[2;1m▄[0m[30;1m░[0m[30;1m░   [0m[34;1m░[0m[34;1m░░░░▒ [0m[30;1m░[0m[2;1m░[0m[32;1m▒[0m
[32;1m[Common] [0m[32;1m ▒▒▒▒▒▒▒▒▒▒▒▒▒▒▒▒▒▒▒[0m[32;1m▒[0m[32;1m░[0m[30;1m░ [0m[30;1m▒[0m[2;1m▒[0m[2;1m▒▒[0m[2;1m▒[0m[2;1m▒▒▒▒           [0m[30;1m░[0m[30;1m░[0m[2;1m░[0m[37;1m▀[0m[37;1m██▓▓▓▓[0m[2;1m▓[0m[30;1m░[0m[2;1m░    [0m[34;1m░[0m[34;1m░░▒ [0m[30;1m░[0m[2;1m░[0m[32;1m▒[0m
[32;1m[Common] [0m[32;1m ▒▒▒▒▒▒▒▒▒▒▒▒▒▒▒▒▒▒[0m[32;1m▒[0m[32;1m▒[0m[32;1m░[0m[30;1m░ [0m[30;1m▒[0m[2;1m▒[0m[2;1m▒▒▒▒                  [0m[30;1m░[0m[2;1m▀[0m[37;1m█[0m[37;1m█▓▓▓[0m[37;1m▓[0m[2;1m░    [0m[34;1m░[0m[34;1m░░░▒ [0m[30;1m░[0m[32;1m░[0m[32;1m░[0m
[32;1m[Common] [0m[32;1m ▒▒▒▒▒▒▒▒▒▒▒▒▒▒▒▒▒[0m[32;1m▒[0m[32;1m▒[0m[32;1m░[0m[32;1m▒[0m[30;1m░[0m[30;1m░ [0m[2;1m▒[0m[2;1m▒▒                     [0m[30;1m░[0m[30;1m░[0m[37;1m▀[0m[37;1m▓[0m[37;1m▓▓[0m[37;1m▓▒[0m[2;1m░    [0m[34;1m░[0m[34;1m░░▒░[0m[30;1m░[0m[30;1m░[0m[32;1m▒[0m
[32;1m[Common] [0m[32;1m ▒▒▒▒▒▒▒▒▒▒▒▒▒▒▒▒▒▒▒▒░░[0m[30;1m░ [0m[30;1m▒▒                        ░[0m[2;1m▐[0m[37;1m▓[0m[37;1m▓[0m[37;1m▓▒[0m[37;1m▒    [0m[34;1m░[0m[34;1m░░░▒ [0m[30;1m░[0m[32;1m░[0m
[32;1m[Common] [0m[32;1m ░▒▒▒▒▒▒▒▒▒▒▒▒▒▒▒▒▒▒▒▒▒░[0m[30;1m░                         [0m[32;1m░[0m[30;1m░[0m[30;1m░[0m[37;1m▐[0m[37;1m▓[0m[37;1m▓[0m[37;1m▒[0m[2;1m▒[0m[2;1m▒ [0m[34;1m░[0m[34;1m░░░░▒▒ [0m[30;1m░[0m[2;1m░[0m[32;1m▒[0m
[32;1m[Common] [0m[30;1m░[0m[32;1m▒[0m[32;1m▒▒▒▒▒▒▒▒▒▒▒▒▒▒▒▒▒▒▒▒▒▒░[0m[30;1m░                        ░░[0m[30;1m░[0m[2;1m▐[0m[37;1m▓[0m[37;1m▒[0m[37;1m▒[0m[2;1m▒[0m[30;1m░[0m[34;1m░[0m[34;1m░░░░░▒▒ [0m[30;1m░[0m[30;1m░[0m[32;1m▒[0m
[32;1m[Common] [0m[30;1m░[0m[32;1m░[0m[32;1m░▒▒▒▒▒▒▒▒▒▒▒▒▒▒▒▒▒▒▒▒▒▒▒░[0m[30;1m░                   ░░░░░[0m[30;1m░[0m[2;1m▐[0m[37;1m▓[0m[37;1m▒[0m[2;1m▒[0m[2;1m▒[0m[34;1m░[0m[34;1m░░░░░░▒▒ [0m[30;1m░[0m[30;1m░[0m
[32;1m[Common] [0m[32;1m  ░[0m[32;1m▒[0m[32;1m▒▒▒▒▒▒▒▒▒▒▒▒▒▒▒▒▒▒▒▒▒▒▒▒▒░░░░           ░░░░░░▒[0m[30;1m▒[0m[30;1m░[0m[37;1m▓[0m[37;1m▒[0m[2;1m▒[0m[2;1m▒[0m[30;1m░[0m[34;1m░[0m[34;1m░░░░░▒▒▒░[0m[30;1m░[0m[32;1m░[0m
[32;1m[Common] [0m[32;1m   [0m[30;1m░[0m[32;1m▒[0m[32;1m▒▒▒▒▒▒▒▒▒▒▒▒▒▒▒▒▒▒▒▒▒▒▒▒▒▒▒▒▒▒▒░░░░░░░░░░░░░░░[0m[30;1m░ [0m[37;1m▓[0m[2;1m▒[0m[2;1m▒[0m[30;1m░[0m[34;1m░[0m[34;1m░░░░▒▒▒▒▒[0m[30;1m░[0m[30;1m░[0m[32;1m░[0m
[32;1m[Common] [0m[32;1m    [0m[30;1m░[0m[32;1m░[0m[32;1m▒▒▒▒▒▒▒▒▒▒▒▒[0m[32;1m▒[0m[32;1m▒▒[0m[32;1m▒[0m[32;1m▒▒▒▒▒▒▒▒▒▒▒▒▒▒▒▒▒░░░░░░░░░▒░[0m[30;1m░[0m[30;1m░[0m[37;1m▓[0m[2;1m▒[0m[2;1m▒[0m[30;1m░[0m[34;1m▒[0m[34;1m░░▒▒▒▒▒▒▒░[0m[30;1m░[0m[30;1m░[0m
[32;1m[Common] [0m[32;1m     ░░[0m[32;1m▒[0m[32;1m▒▒▒▒▒▒▒▒▒[0m[32;1m▒[0m[32;1m▒▓▓▓▒▒[0m[32;1m▒[0m[32;1m▒▒▒▒▒▒▒▒▒▒▒▒▒▒▒▒▒▒▒▒▒▒▒░[0m[30;1m░ [0m[2;1m▓[0m[2;1m▒[0m[30;1m░ [0m[34;1m▒[0m[34;1m▒▒▒▒▒▒▒▒▒▒[0m[30;1m░[0m[30;1m░[0m[32;1m▒[0m
[32;1m[Common] [0m[32;1m      [0m[34;1m▒[0m[30;1m░[0m[2;1m░[0m[32;1m░[0m[32;1m▒▒▒▒▒▒▒▒[0m[32;1m▒[0m[32;1m▒[0m[37;1m▓[0m[37;1m▓▓[0m[32;1m▓[0m[32;1m▒[0m[32;1m▒[0m[32;1m▒▒▒▒▒▒▒▒▒▒▒▒▒▒▒▒▒▒▒▒░[0m[30;1m░[0m[30;1m░ [0m[37;1m▒[0m[2;1m▒  [0m[34;1m▒[0m[34;1m▒▒▒▒▒▒▒▒▒▒[0m[30;1m░[0m[30;1m░[0m[32;1m░[0m
[32;1m[Common] [0m[32;1m      [0m[34;1m░[0m[34;1m░░[0m[30;1m░[0m[30;1m░[0m[32;1m▒[0m[32;1m▒▒▒▒▒▒▒[0m[32;1m▒[0m[32;1m▒▒▒▒▒▒[0m[32;1m▒[0m[32;1m▒▒▒▒▒▒▒▒▒▒▒▒▒▒▒▒▒░[0m[30;1m░[0m[30;1m░ [0m[2;1m▒[0m[2;1m▒   [0m[34;1m▒[0m[34;1m▒▒▒▒▒▒▒▒▒▒[0m[30;1m░[0m[30;1m░[0m[32;1m░[0m
[32;1m[Common] [0m[32;1m       [0m[34;1m░[0m[34;1m░░░░[0m[30;1m░[0m[2;1m░[0m[32;1m░[0m[32;1m▒▒▒▒▒▒▒▒[0m[32;1m▒[0m[32;1m▒[0m[32;1m▒[0m[32;1m▒▒▒▒▒▒▒▒▒▒▒▒▒▒▒░[0m[30;1m░[0m[30;1m░░[0m[2;1m░[0m[2;1m▒     [0m[34;1m▒[0m[34;1m▒▒▒▒▒▒▒▒▒▒[0m[30;1m░[0m[30;1m░[0m[32;1m░[0m
[32;1m[Common] [0m[32;1m         [0m[34;1m▒[0m[34;1m░░░░░[0m[30;1m░[0m[30;1m░[0m[2;1m░[0m[32;1m░[0m[32;1m░▒▒▒▒▒▒▒▒▒▒▒▒▒▒▒▒░[0m[2;1m░[0m[30;1m░[0m[30;1m░░ [0m[2;1m░       [0m[34;1m░[0m[34;1m▒▒▒▒▒▒▒▒▒▒░[0m[30;1m░[0m[30;1m░[0m
[32;1m[Common] [0m[32;1m          [0m[34;1m░[0m[34;1m░░░░░░░░░[0m[30;1m░[0m[30;1m░░░░░░░░░░░░░░░░            [0m[34;1m▒[0m[34;1m▒▒▒▒▒▒▒▒▒░[0m[30;1m░[0m[30;1m░[0m
[32;1m[Common] [0m[32;1m            [0m[34;1m░[0m[34;1m▒░░░░░░░░░░                       ▒▒▒▒▒▒▒[0m[36;1m▒[0m[36;1m▒[0m[34;1m▒[0m[34;1m░[0m[30;1m░[0m[30;1m░[0m
[32;1m[Common] [0m[32;1m              [0m[34;1m░[0m[34;1m▒░░░░░░░░░░░░░░░░░░░░░░░░░░░░ ░▒[0m[36;1m▒[0m[36;1m▒▒▒▒▒▒[0m[34;1m░[0m[30;1m░[0m[30;1m░[0m[30;1m░[0m
[32;1m[Common] [0m[32;1m                 [0m[34;1m░[0m[34;1m░▒░░░░░░░░░░░░░░░░░░░░░░░▒[0m[36;1m▒[0m[36;1m▒▒▒▒▒[0m[34;1m▒[0m[34;1m░[0m[30;1m░[0m[30;1m░[0m[30;1m░[0m
[32;1m[Common] [0m[32;1m                      [0m[34;1m░[0m[34;1m░▒░░░░░░░░░░░░░░░▒[0m[36;1m▒[0m[36;1m▒▒[0m[34;1m▒[0m[34;1m▒░░[0m[30;1m░[0m[30;1m░░[0m
[32;1m[Common] [0m[32;1m                              [0m[34;1m░[0m[34;1m░░░░░░░░░░[0m[30;1m░[0m[30;1m░▒░[0m
[32;1m[Common] [0m[0;1m _____ _____ _  __                    __  __    ____   ___ ____  ____[0m
[32;1m[Common] [0m[0;1m|_   _|_   _| |/ /                   / /__\ \  |___ \ / _ \___ \|___ \[0m
[32;1m[Common] [0m[0;1m  | |   | | | ' /                   | |/ __| |   __) | | | |__) | __) |[0m
[32;1m[Common] [0m[0;1m  | |   | | | . \                   | | (__| |  / __/| |_| / __/ / __/[0m
[32;1m[Common] [0m[0;1m  |_|   |_| |_|\_\                  | |\___| | |_____|\___/_____|_____|[0m
[32;1m[Common] [0m[0;1m                                     \_\  /_/[0m
[32;1m[Common] [0m[0;1mWelcome![0m
[32;1m[Common] [0m[33;1m[WARNING][0m 
[32;1m[Common] [0m[33;1m[WARNING][0m [33;1mTTK has *NOT* been built in double-templating mode!
[32;1m[Common] [0m[33;1m[WARNING][0m [33;1mDEVELOPERS ONLY!
[32;1m[Common] [0m[33;1m[WARNING][0m [33;1mExpect unsupported types for bivariate data.
[32;1m[Common] [0m[33;1m[WARNING][0m 
[32;1m[Common] [0m[33;1m[WARNING][0m [33;1mTo enable the double-templating mode, rebuild TTK with:
[32;1m[Common] [0m[33;1m[WARNING][0m [33;1m  -DTTK_ENABLE_DOUBLE_TEMPLATING=ON
[32;1m[Common] [0m[33;1m[WARNING][0m 
[32;1m[MorseSmaleSegmentationPL] [0m%%%%%%%%%%%%%%%%%%%%%%%%%%%%%%%%%%%%%%%%%%%%%%%%%%%%%[34;1m[0m
[32;1m[MorseSmaleSegmentationPL] [0mInitializing order array. ............[34;1m [0.000s|8T|0%][0m[32;1m[MorseSmaleSegmentationPL] [0mInitializing order array. ..........[34;1m [0.101s|8T|100%][0m
[32;1m[MorseSmaleSegmentationPL] [0mMSC Order computation starting...
[32;1m[MorseSmaleSegmentationPL] [0m  Scalar Array: ImageFile_Order
[32;1m[MorseSmaleSegmentationPL] [0m=====================================================[34;1m[0m
[32;1m[MorseSmaleSegmentationPL] [0m#Threads : 8      
[32;1m[MorseSmaleSegmentationPL] [0m#Vertices: 2097152
[32;1m[MorseSmaleSegmentationPL] [0m=====================================================[34;1m[0m
[32;1m[MorseSmaleSegmentationPL] [0m=====================================================[34;1m[0m
[32;1m[MorseSmaleSegmentationPL] [0mComputing Manifolds ..................[34;1m [0.000s|8T|0%][0m[32;1m[MorseSmaleSegmentationPL] [0mComputed Manifolds .................[34;1m [0.113s|8T|100%][0m
[32;1m[MorseSmaleSegmentationPL] [0mComputing MSC Manifold ...............[34;1m [0.000s|8T|0%][0m[32;1m[MorseSmaleSegmentationPL] [0mComputed MSC Manifold ..............[34;1m [0.036s|8T|100%][0m
[32;1m[MorseSmaleSegmentationPL] [0mComputing 2-Separatrices 3D[Walls] ...[34;1m [0.000s|8T|0%][0m[32;1m[MorseSmaleSegmentationPL] [0mComputed 2-Separatrices 3D[Walls] ..[34;1m [0.525s|8T|100%][0m
[32;1m[MorseSmaleSegmentationPL] [0mWriting 1-separatrices .............[34;1m [0.000s|8T|100%][0m[32;1m[MorseSmaleSegmentationPL] [0mWrote 0 1-separatrices .............[34;1m [0.001s|8T|100%][0m
[32;1m[MorseSmaleSegmentationPL] [0mWriting 2-separatrices ...............[34;1m [0.000s|8T|0%][0m[32;1m[MorseSmaleSegmentationPL] [0mWrote 7657896 2-separatrices .......[34;1m [0.239s|8T|100%][0m
[32;1m[MorseSmaleSegmentationPL] [0mWriting critical points ..............[34;1m [0.000s|8T|0%][0m[32;1m[MorseSmaleSegmentationPL] [0mWrote 1467 critical points .........[34;1m [0.001s|8T|100%][0m
[32;1m[MorseSmaleSegmentationPL] [0m=====================================================[34;1m[0m
[32;1m[MorseSmaleSegmentationPL] [0m2097152 verticies processed ........[34;1m [1.059s|8T|100%][0m
[32;1m[MorseSmaleSegmentationPL] [0m%%%%%%%%%%%%%%%%%%%%%%%%%%%%%%%%%%%%%%%%%%%%%%%%%%%%%[34;1m[0m
Name:	pvpython
Umask:	0022
State:	R (running)
Tgid:	45295
Ngid:	0
Pid:	45295
PPid:	45262
TracerPid:	0
Uid:	46905	46905	46905	46905
Gid:	201	201	201	201
FDSize:	64
Groups:	201 312 318 10100 20035 20043 30000 30003 30006 30007 30012 999237 
VmPeak:	 4454484 kB
VmSize:	 4401132 kB
VmLck:	       0 kB
VmPin:	       0 kB
VmHWM:	 1585640 kB
VmRSS:	 1330756 kB
RssAnon:	 1225300 kB
RssFile:	  105456 kB
RssShmem:	       0 kB
VmData:	 3883916 kB
VmStk:	     420 kB
VmExe:	      16 kB
VmLib:	  341160 kB
VmPTE:	    3420 kB
VmSwap:	       0 kB
Threads:	32
SigQ:	0/4127951
SigPnd:	0000000000000000
ShdPnd:	0000000000000000
SigBlk:	0000000000000000
SigIgn:	0000000001001000
SigCgt:	00000001800044ea
CapInh:	0000000000000000
CapPrm:	0000000000000000
CapEff:	0000000000000000
CapBnd:	0000000000000000
CapAmb:	0000000000000000
NoNewPrivs:	1
Seccomp:	0
Speculation_Store_Bypass:	thread vulnerable
Cpus_allowed:	000000,00000000,00000000,00000000,ffffffff
Cpus_allowed_list:	0-31
Mems_allowed:	00000000,00000000,00000000,00000000,00000000,00000000,00000000,00000000,00000000,00000000,00000000,00000000,00000000,00000000,00000000,00000000,00000000,00000000,00000000,00000000,00000000,00000000,00000000,00000000,00000000,00000000,00000000,00000000,00000000,00000000,00000000,0000000f
Mems_allowed_list:	0-3
voluntary_ctxt_switches:	3485
nonvoluntary_ctxt_switches:	806

