miranda benchmark msc, size 128, 8 threads
[32;1m[Common] [0m[32;1m                           [0m[32;1m▒[0m[32;1m▒▒▒▒▒▒▒▒▒▒▒▒▒░[0m
[32;1m[Common] [0m[32;1m                    ▒▒▒▒▒▒▒▒▒▒▒▒▒▒▒▒▒▒▒▒▒▒▒▒▒▒▒▒░[0m
[32;1m[Common] [0m[32;1m                [0m[32;1m▒[0m[32;1m▒▒▒▒▒▒▒▒▒▒▒▒▒▒▒▒▒▒▒▒▒▒▒▒▒▒▒▒▒▒▒▒▒▒▒▒[0m
[32;1m[Common] [0m[32;1m             ▒▒▒▒▒▒▒▒▒▒▒▒▒▒▒▒▒▒▒▒▒▒▒▒░░[0m[2;1m░[0m[2;1m▒░░░▒▒░[0m[32;1m░[0m[32;1m░[0m[32;1m▒▒▒▒▒▒▒[0m
[32;1m[Common] [0m[32;1m          ▒▒▒▒▒▒▒▒▒▒▒▒▒▒▒▒▒▒▒▒▒░[0m[2;1m░[0m[30;1m░[0m[30;1m░░░[0m[2;1m░   [0m[34;1m░[0m[34;1m░░░░░░[0m[30;1m░[0m[30;1m░░░▒[0m[2;1m▒[0m[32;1m▒[0m[32;1m▒▒▒▒[0m
[32;1m[Common] [0m[32;1m        ▒▒▒▒▒▒▒▒▒▒▒▒▒▒▒▒▒▒▒▒░[0m[30;1m░[0m[30;1m░                    [0m[34;1m░[0m[34;1m░░[0m[30;1m░[0m[30;1m░░[0m[32;1m░[0m[32;1m▒▒▒[0m
[32;1m[Common] [0m[32;1m      ▒▒▒▒▒▒▒▒▒▒▒▒▒▒▒▒▒▒▒░[0m[2;1m░[0m[30;1m░    [0m[30;1m▒▒▒▒▒▒▒▒▒▒▒▒          [0m[34;1m░[0m[34;1m▒▒ [0m[30;1m░[0m[2;1m░[0m[32;1m▒[0m[32;1m▒▒[0m
[32;1m[Common] [0m[32;1m     ▒▒▒▒▒▒▒▒▒▒▒▒▒▒▒▒▒▒▒[0m[30;1m░[0m[30;1m░   ▒▒▒▒▒▒▒▒▒▒▒▒▒▒▒▒▒░▒▒       [0m[34;1m░[0m[34;1m░▒ [0m[30;1m░[0m[30;1m░[0m[32;1m▒[0m[32;1m▒[0m
[32;1m[Common] [0m[32;1m    ▒▒▒▒▒▒▒▒▒▒▒▒▒▒▒▒▒▒▒[0m[30;1m░[0m[30;1m░  [0m[2;1m▒[0m[2;1m▒▒▒▒▒▒▒▒▒▒▒▒▒▒▒▒[0m[30;1m▒[0m[30;1m▒▒▒▒░▒▒    [0m[34;1m░[0m[34;1m░░░▒ [0m[30;1m░[0m[2;1m░[0m[32;1m▒[0m[32;1m▒[0m
[32;1m[Common] [0m[32;1m   ▒▒▒▒▒▒▒▒▒▒▒▒▒▒▒▒▒▒▒[0m[30;1m░[0m[30;1m░ ▒[0m[2;1m▒[0m[2;1m▒▒▒▒▒[0m[2;1m▒[0m[2;1m▒▒▒[0m[37;1m▒[0m[37;1m▄[0m[37;1m▓█[0m[37;1m█▓████[0m[37;1m█▓▄[0m[2;1m▄[0m[2;1m░[0m[30;1m░[0m[30;1m░▒   [0m[34;1m░[0m[34;1m░░░░░[0m[30;1m░[0m[30;1m░[0m[32;1m░[0m[32;1m▒[0m
[32;1m[Common] [0m[32;1m  ▒▒▒▒▒▒▒▒▒▒▒▒▒▒▒▒▒▒▒░[0m[30;1m░  [0m[2;1m▒[0m[2;1m▒▒▒[0m[2;1m▒[0m[2;1m▒▒▒▒▓[0m[37;1m▓[0m[37;1m▓▀[0m[2;1m▀[0m[2;1m▀▀[0m[37;1m▀[0m[37;1m▀[0m[37;1m▀████▓▓▓▓[0m[2;1m▄[0m[30;1m░[0m[30;1m░   [0m[34;1m░[0m[34;1m░░░░▒ [0m[30;1m░[0m[2;1m░[0m[32;1m▒[0m
[32;1m[Common] [0m[32;1m ▒▒▒▒▒▒▒▒▒▒▒▒▒▒▒▒▒▒▒[0m[32;1m▒[0m[32;1m░[0m[30;1m░ [0m[30;1m▒[0m[2;1m▒[0m[2;1m▒▒[0m[2;1m▒[0m[2;1m▒▒▒▒           [0m[30;1m░[0m[30;1m░[0m[2;1m░[0m[37;1m▀[0m[37;1m██▓▓▓▓[0m[2;1m▓[0m[30;1m░[0m[2;1m░    [0m[34;1m░[0m[34;1m░░▒ [0m[30;1m░[0m[2;1m░[0m[32;1m▒[0m
[32;1m[Common] [0m[32;1m ▒▒▒▒▒▒▒▒▒▒▒▒▒▒▒▒▒▒[0m[32;1m▒[0m[32;1m▒[0m[32;1m░[0m[30;1m░ [0m[30;1m▒[0m[2;1m▒[0m[2;1m▒▒▒▒                  [0m[30;1m░[0m[2;1m▀[0m[37;1m█[0m[37;1m█▓▓▓[0m[37;1m▓[0m[2;1m░    [0m[34;1m░[0m[34;1m░░░▒ [0m[30;1m░[0m[32;1m░[0m[32;1m░[0m
[32;1m[Common] [0m[32;1m ▒▒▒▒▒▒▒▒▒▒▒▒▒▒▒▒▒[0m[32;1m▒[0m[32;1m▒[0m[32;1m░[0m[32;1m▒[0m[30;1m░[0m[30;1m░ [0m[2;1m▒[0m[2;1m▒▒                     [0m[30;1m░[0m[30;1m░[0m[37;1m▀[0m[37;1m▓[0m[37;1m▓▓[0m[37;1m▓▒[0m[2;1m░    [0m[34;1m░[0m[34;1m░░▒░[0m[30;1m░[0m[30;1m░[0m[32;1m▒[0m
[32;1m[Common] [0m[32;1m ▒▒▒▒▒▒▒▒▒▒▒▒▒▒▒▒▒▒▒▒░░[0m[30;1m░ [0m[30;1m▒▒                        ░[0m[2;1m▐[0m[37;1m▓[0m[37;1m▓[0m[37;1m▓▒[0m[37;1m▒    [0m[34;1m░[0m[34;1m░░░▒ [0m[30;1m░[0m[32;1m░[0m
[32;1m[Common] [0m[32;1m ░▒▒▒▒▒▒▒▒▒▒▒▒▒▒▒▒▒▒▒▒▒░[0m[30;1m░                         [0m[32;1m░[0m[30;1m░[0m[30;1m░[0m[37;1m▐[0m[37;1m▓[0m[37;1m▓[0m[37;1m▒[0m[2;1m▒[0m[2;1m▒ [0m[34;1m░[0m[34;1m░░░░▒▒ [0m[30;1m░[0m[2;1m░[0m[32;1m▒[0m
[32;1m[Common] [0m[30;1m░[0m[32;1m▒[0m[32;1m▒▒▒▒▒▒▒▒▒▒▒▒▒▒▒▒▒▒▒▒▒▒░[0m[30;1m░                        ░░[0m[30;1m░[0m[2;1m▐[0m[37;1m▓[0m[37;1m▒[0m[37;1m▒[0m[2;1m▒[0m[30;1m░[0m[34;1m░[0m[34;1m░░░░░▒▒ [0m[30;1m░[0m[30;1m░[0m[32;1m▒[0m
[32;1m[Common] [0m[30;1m░[0m[32;1m░[0m[32;1m░▒▒▒▒▒▒▒▒▒▒▒▒▒▒▒▒▒▒▒▒▒▒▒░[0m[30;1m░                   ░░░░░[0m[30;1m░[0m[2;1m▐[0m[37;1m▓[0m[37;1m▒[0m[2;1m▒[0m[2;1m▒[0m[34;1m░[0m[34;1m░░░░░░▒▒ [0m[30;1m░[0m[30;1m░[0m
[32;1m[Common] [0m[32;1m  ░[0m[32;1m▒[0m[32;1m▒▒▒▒▒▒▒▒▒▒▒▒▒▒▒▒▒▒▒▒▒▒▒▒▒░░░░           ░░░░░░▒[0m[30;1m▒[0m[30;1m░[0m[37;1m▓[0m[37;1m▒[0m[2;1m▒[0m[2;1m▒[0m[30;1m░[0m[34;1m░[0m[34;1m░░░░░▒▒▒░[0m[30;1m░[0m[32;1m░[0m
[32;1m[Common] [0m[32;1m   [0m[30;1m░[0m[32;1m▒[0m[32;1m▒▒▒▒▒▒▒▒▒▒▒▒▒▒▒▒▒▒▒▒▒▒▒▒▒▒▒▒▒▒▒░░░░░░░░░░░░░░░[0m[30;1m░ [0m[37;1m▓[0m[2;1m▒[0m[2;1m▒[0m[30;1m░[0m[34;1m░[0m[34;1m░░░░▒▒▒▒▒[0m[30;1m░[0m[30;1m░[0m[32;1m░[0m
[32;1m[Common] [0m[32;1m    [0m[30;1m░[0m[32;1m░[0m[32;1m▒▒▒▒▒▒▒▒▒▒▒▒[0m[32;1m▒[0m[32;1m▒▒[0m[32;1m▒[0m[32;1m▒▒▒▒▒▒▒▒▒▒▒▒▒▒▒▒▒░░░░░░░░░▒░[0m[30;1m░[0m[30;1m░[0m[37;1m▓[0m[2;1m▒[0m[2;1m▒[0m[30;1m░[0m[34;1m▒[0m[34;1m░░▒▒▒▒▒▒▒░[0m[30;1m░[0m[30;1m░[0m
[32;1m[Common] [0m[32;1m     ░░[0m[32;1m▒[0m[32;1m▒▒▒▒▒▒▒▒▒[0m[32;1m▒[0m[32;1m▒▓▓▓▒▒[0m[32;1m▒[0m[32;1m▒▒▒▒▒▒▒▒▒▒▒▒▒▒▒▒▒▒▒▒▒▒▒░[0m[30;1m░ [0m[2;1m▓[0m[2;1m▒[0m[30;1m░ [0m[34;1m▒[0m[34;1m▒▒▒▒▒▒▒▒▒▒[0m[30;1m░[0m[30;1m░[0m[32;1m▒[0m
[32;1m[Common] [0m[32;1m      [0m[34;1m▒[0m[30;1m░[0m[2;1m░[0m[32;1m░[0m[32;1m▒▒▒▒▒▒▒▒[0m[32;1m▒[0m[32;1m▒[0m[37;1m▓[0m[37;1m▓▓[0m[32;1m▓[0m[32;1m▒[0m[32;1m▒[0m[32;1m▒▒▒▒▒▒▒▒▒▒▒▒▒▒▒▒▒▒▒▒░[0m[30;1m░[0m[30;1m░ [0m[37;1m▒[0m[2;1m▒  [0m[34;1m▒[0m[34;1m▒▒▒▒▒▒▒▒▒▒[0m[30;1m░[0m[30;1m░[0m[32;1m░[0m
[32;1m[Common] [0m[32;1m      [0m[34;1m░[0m[34;1m░░[0m[30;1m░[0m[30;1m░[0m[32;1m▒[0m[32;1m▒▒▒▒▒▒▒[0m[32;1m▒[0m[32;1m▒▒▒▒▒▒[0m[32;1m▒[0m[32;1m▒▒▒▒▒▒▒▒▒▒▒▒▒▒▒▒▒░[0m[30;1m░[0m[30;1m░ [0m[2;1m▒[0m[2;1m▒   [0m[34;1m▒[0m[34;1m▒▒▒▒▒▒▒▒▒▒[0m[30;1m░[0m[30;1m░[0m[32;1m░[0m
[32;1m[Common] [0m[32;1m       [0m[34;1m░[0m[34;1m░░░░[0m[30;1m░[0m[2;1m░[0m[32;1m░[0m[32;1m▒▒▒▒▒▒▒▒[0m[32;1m▒[0m[32;1m▒[0m[32;1m▒[0m[32;1m▒▒▒▒▒▒▒▒▒▒▒▒▒▒▒░[0m[30;1m░[0m[30;1m░░[0m[2;1m░[0m[2;1m▒     [0m[34;1m▒[0m[34;1m▒▒▒▒▒▒▒▒▒▒[0m[30;1m░[0m[30;1m░[0m[32;1m░[0m
[32;1m[Common] [0m[32;1m         [0m[34;1m▒[0m[34;1m░░░░░[0m[30;1m░[0m[30;1m░[0m[2;1m░[0m[32;1m░[0m[32;1m░▒▒▒▒▒▒▒▒▒▒▒▒▒▒▒▒░[0m[2;1m░[0m[30;1m░[0m[30;1m░░ [0m[2;1m░       [0m[34;1m░[0m[34;1m▒▒▒▒▒▒▒▒▒▒░[0m[30;1m░[0m[30;1m░[0m
[32;1m[Common] [0m[32;1m          [0m[34;1m░[0m[34;1m░░░░░░░░░[0m[30;1m░[0m[30;1m░░░░░░░░░░░░░░░░            [0m[34;1m▒[0m[34;1m▒▒▒▒▒▒▒▒▒░[0m[30;1m░[0m[30;1m░[0m
[32;1m[Common] [0m[32;1m            [0m[34;1m░[0m[34;1m▒░░░░░░░░░░                       ▒▒▒▒▒▒▒[0m[36;1m▒[0m[36;1m▒[0m[34;1m▒[0m[34;1m░[0m[30;1m░[0m[30;1m░[0m
[32;1m[Common] [0m[32;1m              [0m[34;1m░[0m[34;1m▒░░░░░░░░░░░░░░░░░░░░░░░░░░░░ ░▒[0m[36;1m▒[0m[36;1m▒▒▒▒▒▒[0m[34;1m░[0m[30;1m░[0m[30;1m░[0m[30;1m░[0m
[32;1m[Common] [0m[32;1m                 [0m[34;1m░[0m[34;1m░▒░░░░░░░░░░░░░░░░░░░░░░░▒[0m[36;1m▒[0m[36;1m▒▒▒▒▒[0m[34;1m▒[0m[34;1m░[0m[30;1m░[0m[30;1m░[0m[30;1m░[0m
[32;1m[Common] [0m[32;1m                      [0m[34;1m░[0m[34;1m░▒░░░░░░░░░░░░░░░▒[0m[36;1m▒[0m[36;1m▒▒[0m[34;1m▒[0m[34;1m▒░░[0m[30;1m░[0m[30;1m░░[0m
[32;1m[Common] [0m[32;1m                              [0m[34;1m░[0m[34;1m░░░░░░░░░░[0m[30;1m░[0m[30;1m░▒░[0m
[32;1m[Common] [0m[0;1m _____ _____ _  __                    __  __    ____   ___ ____  ____[0m
[32;1m[Common] [0m[0;1m|_   _|_   _| |/ /                   / /__\ \  |___ \ / _ \___ \|___ \[0m
[32;1m[Common] [0m[0;1m  | |   | | | ' /                   | |/ __| |   __) | | | |__) | __) |[0m
[32;1m[Common] [0m[0;1m  | |   | | | . \                   | | (__| |  / __/| |_| / __/ / __/[0m
[32;1m[Common] [0m[0;1m  |_|   |_| |_|\_\                  | |\___| | |_____|\___/_____|_____|[0m
[32;1m[Common] [0m[0;1m                                     \_\  /_/[0m
[32;1m[Common] [0m[0;1mWelcome![0m
[32;1m[Common] [0m[33;1m[WARNING][0m 
[32;1m[Common] [0m[33;1m[WARNING][0m [33;1mTTK has *NOT* been built in double-templating mode!
[32;1m[Common] [0m[33;1m[WARNING][0m [33;1mDEVELOPERS ONLY!
[32;1m[Common] [0m[33;1m[WARNING][0m [33;1mExpect unsupported types for bivariate data.
[32;1m[Common] [0m[33;1m[WARNING][0m 
[32;1m[Common] [0m[33;1m[WARNING][0m [33;1mTo enable the double-templating mode, rebuild TTK with:
[32;1m[Common] [0m[33;1m[WARNING][0m [33;1m  -DTTK_ENABLE_DOUBLE_TEMPLATING=ON
[32;1m[Common] [0m[33;1m[WARNING][0m 
[32;1m[MorseSmaleComplex] [0m%%%%%%%%%%%%%%%%%%%%%%%%%%%%%%%%%%%%%%%%%%%%%%%%%%%%%%%%%%%%[34;1m[0m
[32;1m[MorseSmaleComplex] [0mInitializing order array. ...................[34;1m [0.000s|8T|0%][0m[32;1m[MorseSmaleComplex] [0mInitializing order array. .................[34;1m [0.140s|8T|100%][0m
[32;1m[MorseSmaleComplex] [0mLaunching computation on field `ImageFile'...
[32;1m[DiscreteGradient] [0m#Vertices : 2097152 
[32;1m[DiscreteGradient] [0m#Edges    : 14484223
[32;1m[DiscreteGradient] [0m#Triangles: 24677370
[32;1m[DiscreteGradient] [0m#Tetras   : 12290298
[32;1m[DiscreteGradient] [0mInitialized discrete gradient memory .......[34;1m [0.220s|8T|100%][0m
[32;1m[DiscreteGradient] [0mBuilt discrete gradient ....................[34;1m [4.750s|8T|100%][0m
[32;1m[MorseSmaleComplex] [0m2-separatrices computed ...................[34;1m [3.328s|8T|100%][0m
[32;1m[MorseSmaleComplex] [0mSegmentation computed .....................[34;1m [1.408s|8T|100%][0m
[32;1m[MorseSmaleComplex] [0mData-set (2097152 points) processed ......[34;1m [10.267s|8T|100%][0m
Name:	pvpython
Umask:	0022
State:	R (running)
Tgid:	99648
Ngid:	99683
Pid:	99648
PPid:	99626
TracerPid:	0
Uid:	46905	46905	46905	46905
Gid:	201	201	201	201
FDSize:	64
Groups:	201 312 318 10100 20035 20043 30000 30003 30006 30007 30012 999237 
VmPeak:	 6223648 kB
VmSize:	 5968488 kB
VmLck:	       0 kB
VmPin:	       0 kB
VmHWM:	 3423036 kB
VmRSS:	 3149208 kB
RssAnon:	 3043392 kB
RssFile:	  105816 kB
RssShmem:	       0 kB
VmData:	 5451272 kB
VmStk:	     420 kB
VmExe:	      16 kB
VmLib:	  341160 kB
VmPTE:	    6916 kB
VmSwap:	       0 kB
Threads:	32
SigQ:	0/4127951
SigPnd:	0000000000000000
ShdPnd:	0000000000000000
SigBlk:	0000000000000000
SigIgn:	0000000001001000
SigCgt:	00000001800044ea
CapInh:	0000000000000000
CapPrm:	0000000000000000
CapEff:	0000000000000000
CapBnd:	0000000000000000
CapAmb:	0000000000000000
NoNewPrivs:	1
Seccomp:	0
Speculation_Store_Bypass:	thread vulnerable
Cpus_allowed:	000000,00000000,00000000,00000000,ffffffff
Cpus_allowed_list:	0-31
Mems_allowed:	00000000,00000000,00000000,00000000,00000000,00000000,00000000,00000000,00000000,00000000,00000000,00000000,00000000,00000000,00000000,00000000,00000000,00000000,00000000,00000000,00000000,00000000,00000000,00000000,00000000,00000000,00000000,00000000,00000000,00000000,00000000,0000000f
Mems_allowed_list:	0-3
voluntary_ctxt_switches:	3400
nonvoluntary_ctxt_switches:	1633

