miranda benchmark msc, size 256, 32 threads
[32;1m[Common] [0m[32;1m                           [0m[32;1m▒[0m[32;1m▒▒▒▒▒▒▒▒▒▒▒▒▒░[0m
[32;1m[Common] [0m[32;1m                    ▒▒▒▒▒▒▒▒▒▒▒▒▒▒▒▒▒▒▒▒▒▒▒▒▒▒▒▒░[0m
[32;1m[Common] [0m[32;1m                [0m[32;1m▒[0m[32;1m▒▒▒▒▒▒▒▒▒▒▒▒▒▒▒▒▒▒▒▒▒▒▒▒▒▒▒▒▒▒▒▒▒▒▒▒[0m
[32;1m[Common] [0m[32;1m             ▒▒▒▒▒▒▒▒▒▒▒▒▒▒▒▒▒▒▒▒▒▒▒▒░░[0m[2;1m░[0m[2;1m▒░░░▒▒░[0m[32;1m░[0m[32;1m░[0m[32;1m▒▒▒▒▒▒▒[0m
[32;1m[Common] [0m[32;1m          ▒▒▒▒▒▒▒▒▒▒▒▒▒▒▒▒▒▒▒▒▒░[0m[2;1m░[0m[30;1m░[0m[30;1m░░░[0m[2;1m░   [0m[34;1m░[0m[34;1m░░░░░░[0m[30;1m░[0m[30;1m░░░▒[0m[2;1m▒[0m[32;1m▒[0m[32;1m▒▒▒▒[0m
[32;1m[Common] [0m[32;1m        ▒▒▒▒▒▒▒▒▒▒▒▒▒▒▒▒▒▒▒▒░[0m[30;1m░[0m[30;1m░                    [0m[34;1m░[0m[34;1m░░[0m[30;1m░[0m[30;1m░░[0m[32;1m░[0m[32;1m▒▒▒[0m
[32;1m[Common] [0m[32;1m      ▒▒▒▒▒▒▒▒▒▒▒▒▒▒▒▒▒▒▒░[0m[2;1m░[0m[30;1m░    [0m[30;1m▒▒▒▒▒▒▒▒▒▒▒▒          [0m[34;1m░[0m[34;1m▒▒ [0m[30;1m░[0m[2;1m░[0m[32;1m▒[0m[32;1m▒▒[0m
[32;1m[Common] [0m[32;1m     ▒▒▒▒▒▒▒▒▒▒▒▒▒▒▒▒▒▒▒[0m[30;1m░[0m[30;1m░   ▒▒▒▒▒▒▒▒▒▒▒▒▒▒▒▒▒░▒▒       [0m[34;1m░[0m[34;1m░▒ [0m[30;1m░[0m[30;1m░[0m[32;1m▒[0m[32;1m▒[0m
[32;1m[Common] [0m[32;1m    ▒▒▒▒▒▒▒▒▒▒▒▒▒▒▒▒▒▒▒[0m[30;1m░[0m[30;1m░  [0m[2;1m▒[0m[2;1m▒▒▒▒▒▒▒▒▒▒▒▒▒▒▒▒[0m[30;1m▒[0m[30;1m▒▒▒▒░▒▒    [0m[34;1m░[0m[34;1m░░░▒ [0m[30;1m░[0m[2;1m░[0m[32;1m▒[0m[32;1m▒[0m
[32;1m[Common] [0m[32;1m   ▒▒▒▒▒▒▒▒▒▒▒▒▒▒▒▒▒▒▒[0m[30;1m░[0m[30;1m░ ▒[0m[2;1m▒[0m[2;1m▒▒▒▒▒[0m[2;1m▒[0m[2;1m▒▒▒[0m[37;1m▒[0m[37;1m▄[0m[37;1m▓█[0m[37;1m█▓████[0m[37;1m█▓▄[0m[2;1m▄[0m[2;1m░[0m[30;1m░[0m[30;1m░▒   [0m[34;1m░[0m[34;1m░░░░░[0m[30;1m░[0m[30;1m░[0m[32;1m░[0m[32;1m▒[0m
[32;1m[Common] [0m[32;1m  ▒▒▒▒▒▒▒▒▒▒▒▒▒▒▒▒▒▒▒░[0m[30;1m░  [0m[2;1m▒[0m[2;1m▒▒▒[0m[2;1m▒[0m[2;1m▒▒▒▒▓[0m[37;1m▓[0m[37;1m▓▀[0m[2;1m▀[0m[2;1m▀▀[0m[37;1m▀[0m[37;1m▀[0m[37;1m▀████▓▓▓▓[0m[2;1m▄[0m[30;1m░[0m[30;1m░   [0m[34;1m░[0m[34;1m░░░░▒ [0m[30;1m░[0m[2;1m░[0m[32;1m▒[0m
[32;1m[Common] [0m[32;1m ▒▒▒▒▒▒▒▒▒▒▒▒▒▒▒▒▒▒▒[0m[32;1m▒[0m[32;1m░[0m[30;1m░ [0m[30;1m▒[0m[2;1m▒[0m[2;1m▒▒[0m[2;1m▒[0m[2;1m▒▒▒▒           [0m[30;1m░[0m[30;1m░[0m[2;1m░[0m[37;1m▀[0m[37;1m██▓▓▓▓[0m[2;1m▓[0m[30;1m░[0m[2;1m░    [0m[34;1m░[0m[34;1m░░▒ [0m[30;1m░[0m[2;1m░[0m[32;1m▒[0m
[32;1m[Common] [0m[32;1m ▒▒▒▒▒▒▒▒▒▒▒▒▒▒▒▒▒▒[0m[32;1m▒[0m[32;1m▒[0m[32;1m░[0m[30;1m░ [0m[30;1m▒[0m[2;1m▒[0m[2;1m▒▒▒▒                  [0m[30;1m░[0m[2;1m▀[0m[37;1m█[0m[37;1m█▓▓▓[0m[37;1m▓[0m[2;1m░    [0m[34;1m░[0m[34;1m░░░▒ [0m[30;1m░[0m[32;1m░[0m[32;1m░[0m
[32;1m[Common] [0m[32;1m ▒▒▒▒▒▒▒▒▒▒▒▒▒▒▒▒▒[0m[32;1m▒[0m[32;1m▒[0m[32;1m░[0m[32;1m▒[0m[30;1m░[0m[30;1m░ [0m[2;1m▒[0m[2;1m▒▒                     [0m[30;1m░[0m[30;1m░[0m[37;1m▀[0m[37;1m▓[0m[37;1m▓▓[0m[37;1m▓▒[0m[2;1m░    [0m[34;1m░[0m[34;1m░░▒░[0m[30;1m░[0m[30;1m░[0m[32;1m▒[0m
[32;1m[Common] [0m[32;1m ▒▒▒▒▒▒▒▒▒▒▒▒▒▒▒▒▒▒▒▒░░[0m[30;1m░ [0m[30;1m▒▒                        ░[0m[2;1m▐[0m[37;1m▓[0m[37;1m▓[0m[37;1m▓▒[0m[37;1m▒    [0m[34;1m░[0m[34;1m░░░▒ [0m[30;1m░[0m[32;1m░[0m
[32;1m[Common] [0m[32;1m ░▒▒▒▒▒▒▒▒▒▒▒▒▒▒▒▒▒▒▒▒▒░[0m[30;1m░                         [0m[32;1m░[0m[30;1m░[0m[30;1m░[0m[37;1m▐[0m[37;1m▓[0m[37;1m▓[0m[37;1m▒[0m[2;1m▒[0m[2;1m▒ [0m[34;1m░[0m[34;1m░░░░▒▒ [0m[30;1m░[0m[2;1m░[0m[32;1m▒[0m
[32;1m[Common] [0m[30;1m░[0m[32;1m▒[0m[32;1m▒▒▒▒▒▒▒▒▒▒▒▒▒▒▒▒▒▒▒▒▒▒░[0m[30;1m░                        ░░[0m[30;1m░[0m[2;1m▐[0m[37;1m▓[0m[37;1m▒[0m[37;1m▒[0m[2;1m▒[0m[30;1m░[0m[34;1m░[0m[34;1m░░░░░▒▒ [0m[30;1m░[0m[30;1m░[0m[32;1m▒[0m
[32;1m[Common] [0m[30;1m░[0m[32;1m░[0m[32;1m░▒▒▒▒▒▒▒▒▒▒▒▒▒▒▒▒▒▒▒▒▒▒▒░[0m[30;1m░                   ░░░░░[0m[30;1m░[0m[2;1m▐[0m[37;1m▓[0m[37;1m▒[0m[2;1m▒[0m[2;1m▒[0m[34;1m░[0m[34;1m░░░░░░▒▒ [0m[30;1m░[0m[30;1m░[0m
[32;1m[Common] [0m[32;1m  ░[0m[32;1m▒[0m[32;1m▒▒▒▒▒▒▒▒▒▒▒▒▒▒▒▒▒▒▒▒▒▒▒▒▒░░░░           ░░░░░░▒[0m[30;1m▒[0m[30;1m░[0m[37;1m▓[0m[37;1m▒[0m[2;1m▒[0m[2;1m▒[0m[30;1m░[0m[34;1m░[0m[34;1m░░░░░▒▒▒░[0m[30;1m░[0m[32;1m░[0m
[32;1m[Common] [0m[32;1m   [0m[30;1m░[0m[32;1m▒[0m[32;1m▒▒▒▒▒▒▒▒▒▒▒▒▒▒▒▒▒▒▒▒▒▒▒▒▒▒▒▒▒▒▒░░░░░░░░░░░░░░░[0m[30;1m░ [0m[37;1m▓[0m[2;1m▒[0m[2;1m▒[0m[30;1m░[0m[34;1m░[0m[34;1m░░░░▒▒▒▒▒[0m[30;1m░[0m[30;1m░[0m[32;1m░[0m
[32;1m[Common] [0m[32;1m    [0m[30;1m░[0m[32;1m░[0m[32;1m▒▒▒▒▒▒▒▒▒▒▒▒[0m[32;1m▒[0m[32;1m▒▒[0m[32;1m▒[0m[32;1m▒▒▒▒▒▒▒▒▒▒▒▒▒▒▒▒▒░░░░░░░░░▒░[0m[30;1m░[0m[30;1m░[0m[37;1m▓[0m[2;1m▒[0m[2;1m▒[0m[30;1m░[0m[34;1m▒[0m[34;1m░░▒▒▒▒▒▒▒░[0m[30;1m░[0m[30;1m░[0m
[32;1m[Common] [0m[32;1m     ░░[0m[32;1m▒[0m[32;1m▒▒▒▒▒▒▒▒▒[0m[32;1m▒[0m[32;1m▒▓▓▓▒▒[0m[32;1m▒[0m[32;1m▒▒▒▒▒▒▒▒▒▒▒▒▒▒▒▒▒▒▒▒▒▒▒░[0m[30;1m░ [0m[2;1m▓[0m[2;1m▒[0m[30;1m░ [0m[34;1m▒[0m[34;1m▒▒▒▒▒▒▒▒▒▒[0m[30;1m░[0m[30;1m░[0m[32;1m▒[0m
[32;1m[Common] [0m[32;1m      [0m[34;1m▒[0m[30;1m░[0m[2;1m░[0m[32;1m░[0m[32;1m▒▒▒▒▒▒▒▒[0m[32;1m▒[0m[32;1m▒[0m[37;1m▓[0m[37;1m▓▓[0m[32;1m▓[0m[32;1m▒[0m[32;1m▒[0m[32;1m▒▒▒▒▒▒▒▒▒▒▒▒▒▒▒▒▒▒▒▒░[0m[30;1m░[0m[30;1m░ [0m[37;1m▒[0m[2;1m▒  [0m[34;1m▒[0m[34;1m▒▒▒▒▒▒▒▒▒▒[0m[30;1m░[0m[30;1m░[0m[32;1m░[0m
[32;1m[Common] [0m[32;1m      [0m[34;1m░[0m[34;1m░░[0m[30;1m░[0m[30;1m░[0m[32;1m▒[0m[32;1m▒▒▒▒▒▒▒[0m[32;1m▒[0m[32;1m▒▒▒▒▒▒[0m[32;1m▒[0m[32;1m▒▒▒▒▒▒▒▒▒▒▒▒▒▒▒▒▒░[0m[30;1m░[0m[30;1m░ [0m[2;1m▒[0m[2;1m▒   [0m[34;1m▒[0m[34;1m▒▒▒▒▒▒▒▒▒▒[0m[30;1m░[0m[30;1m░[0m[32;1m░[0m
[32;1m[Common] [0m[32;1m       [0m[34;1m░[0m[34;1m░░░░[0m[30;1m░[0m[2;1m░[0m[32;1m░[0m[32;1m▒▒▒▒▒▒▒▒[0m[32;1m▒[0m[32;1m▒[0m[32;1m▒[0m[32;1m▒▒▒▒▒▒▒▒▒▒▒▒▒▒▒░[0m[30;1m░[0m[30;1m░░[0m[2;1m░[0m[2;1m▒     [0m[34;1m▒[0m[34;1m▒▒▒▒▒▒▒▒▒▒[0m[30;1m░[0m[30;1m░[0m[32;1m░[0m
[32;1m[Common] [0m[32;1m         [0m[34;1m▒[0m[34;1m░░░░░[0m[30;1m░[0m[30;1m░[0m[2;1m░[0m[32;1m░[0m[32;1m░▒▒▒▒▒▒▒▒▒▒▒▒▒▒▒▒░[0m[2;1m░[0m[30;1m░[0m[30;1m░░ [0m[2;1m░       [0m[34;1m░[0m[34;1m▒▒▒▒▒▒▒▒▒▒░[0m[30;1m░[0m[30;1m░[0m
[32;1m[Common] [0m[32;1m          [0m[34;1m░[0m[34;1m░░░░░░░░░[0m[30;1m░[0m[30;1m░░░░░░░░░░░░░░░░            [0m[34;1m▒[0m[34;1m▒▒▒▒▒▒▒▒▒░[0m[30;1m░[0m[30;1m░[0m
[32;1m[Common] [0m[32;1m            [0m[34;1m░[0m[34;1m▒░░░░░░░░░░                       ▒▒▒▒▒▒▒[0m[36;1m▒[0m[36;1m▒[0m[34;1m▒[0m[34;1m░[0m[30;1m░[0m[30;1m░[0m
[32;1m[Common] [0m[32;1m              [0m[34;1m░[0m[34;1m▒░░░░░░░░░░░░░░░░░░░░░░░░░░░░ ░▒[0m[36;1m▒[0m[36;1m▒▒▒▒▒▒[0m[34;1m░[0m[30;1m░[0m[30;1m░[0m[30;1m░[0m
[32;1m[Common] [0m[32;1m                 [0m[34;1m░[0m[34;1m░▒░░░░░░░░░░░░░░░░░░░░░░░▒[0m[36;1m▒[0m[36;1m▒▒▒▒▒[0m[34;1m▒[0m[34;1m░[0m[30;1m░[0m[30;1m░[0m[30;1m░[0m
[32;1m[Common] [0m[32;1m                      [0m[34;1m░[0m[34;1m░▒░░░░░░░░░░░░░░░▒[0m[36;1m▒[0m[36;1m▒▒[0m[34;1m▒[0m[34;1m▒░░[0m[30;1m░[0m[30;1m░░[0m
[32;1m[Common] [0m[32;1m                              [0m[34;1m░[0m[34;1m░░░░░░░░░░[0m[30;1m░[0m[30;1m░▒░[0m
[32;1m[Common] [0m[0;1m _____ _____ _  __                    __  __    ____   ___ ____  ____[0m
[32;1m[Common] [0m[0;1m|_   _|_   _| |/ /                   / /__\ \  |___ \ / _ \___ \|___ \[0m
[32;1m[Common] [0m[0;1m  | |   | | | ' /                   | |/ __| |   __) | | | |__) | __) |[0m
[32;1m[Common] [0m[0;1m  | |   | | | . \                   | | (__| |  / __/| |_| / __/ / __/[0m
[32;1m[Common] [0m[0;1m  |_|   |_| |_|\_\                  | |\___| | |_____|\___/_____|_____|[0m
[32;1m[Common] [0m[0;1m                                     \_\  /_/[0m
[32;1m[Common] [0m[0;1mWelcome![0m
[32;1m[Common] [0m[33;1m[WARNING][0m 
[32;1m[Common] [0m[33;1m[WARNING][0m [33;1mTTK has *NOT* been built in double-templating mode!
[32;1m[Common] [0m[33;1m[WARNING][0m [33;1mDEVELOPERS ONLY!
[32;1m[Common] [0m[33;1m[WARNING][0m [33;1mExpect unsupported types for bivariate data.
[32;1m[Common] [0m[33;1m[WARNING][0m 
[32;1m[Common] [0m[33;1m[WARNING][0m [33;1mTo enable the double-templating mode, rebuild TTK with:
[32;1m[Common] [0m[33;1m[WARNING][0m [33;1m  -DTTK_ENABLE_DOUBLE_TEMPLATING=ON
[32;1m[Common] [0m[33;1m[WARNING][0m 
[32;1m[MorseSmaleComplex] [0m%%%%%%%%%%%%%%%%%%%%%%%%%%%%%%%%%%%%%%%%%%%%%%%%%%%%%%%%%%%%[34;1m[0m
[32;1m[MorseSmaleComplex] [0mInitializing order array. ..................[34;1m [0.000s|32T|0%][0m[32;1m[MorseSmaleComplex] [0mInitializing order array. ................[34;1m [0.439s|32T|100%][0m
[32;1m[MorseSmaleComplex] [0mLaunching computation on field `ImageFile'...
[32;1m[DiscreteGradient] [0m#Vertices : 16777216 
[32;1m[DiscreteGradient] [0m#Edges    : 116655615
[32;1m[DiscreteGradient] [0m#Triangles: 199366650
[32;1m[DiscreteGradient] [0m#Tetras   : 99488250 
[32;1m[DiscreteGradient] [0mInitialized discrete gradient memory ......[34;1m [1.748s|32T|100%][0m
[32;1m[DiscreteGradient] [0mBuilt discrete gradient ...................[34;1m [9.435s|32T|100%][0m
[32;1m[MorseSmaleComplex] [0m2-separatrices computed .................[34;1m [15.170s|32T|100%][0m
[32;1m[MorseSmaleComplex] [0mSegmentation computed ....................[34;1m [5.043s|32T|100%][0m
[32;1m[MorseSmaleComplex] [0mData-set (16777216 points) processed ....[34;1m [35.990s|32T|100%][0m
Name:	pvpython
Umask:	0022
State:	R (running)
Tgid:	105191
Ngid:	105191
Pid:	105191
PPid:	105171
TracerPid:	0
Uid:	46905	46905	46905	46905
Gid:	201	201	201	201
FDSize:	64
Groups:	201 312 318 10100 20035 20043 30000 30003 30006 30007 30012 999237 
VmPeak:	29228356 kB
VmSize:	26263552 kB
VmLck:	       0 kB
VmPin:	       0 kB
VmHWM:	27660700 kB
VmRSS:	25101500 kB
RssAnon:	24995688 kB
RssFile:	  105812 kB
RssShmem:	       0 kB
VmData:	25746336 kB
VmStk:	     420 kB
VmExe:	      16 kB
VmLib:	  341160 kB
VmPTE:	   49924 kB
VmSwap:	       0 kB
Threads:	32
SigQ:	0/4127951
SigPnd:	0000000000000000
ShdPnd:	0000000000000000
SigBlk:	0000000000000000
SigIgn:	0000000001001000
SigCgt:	00000001800044ea
CapInh:	0000000000000000
CapPrm:	0000000000000000
CapEff:	0000000000000000
CapBnd:	0000000000000000
CapAmb:	0000000000000000
NoNewPrivs:	1
Seccomp:	0
Speculation_Store_Bypass:	thread vulnerable
Cpus_allowed:	000000,00000000,00000000,00000000,ffffffff
Cpus_allowed_list:	0-31
Mems_allowed:	00000000,00000000,00000000,00000000,00000000,00000000,00000000,00000000,00000000,00000000,00000000,00000000,00000000,00000000,00000000,00000000,00000000,00000000,00000000,00000000,00000000,00000000,00000000,00000000,00000000,00000000,00000000,00000000,00000000,00000000,00000000,0000000f
Mems_allowed_list:	0-3
voluntary_ctxt_switches:	8055
nonvoluntary_ctxt_switches:	4636

